// Jest Snapshot v1, https://goo.gl/fbAQLP

exports[`<App/> should render App 1`] = `
<Fragment>
  <WithStyles(CssBaseline) />
  <WithStyles(ForwardRef(Container))
    disableGutters={true}
    maxWidth="sm"
  >
    <WithStyles(ForwardRef(Typography))
      component="div"
      style={
        Object {
          "backgroundColor": "#ffea00",
          "height": "100vh",
        }
      }
    >
      <MaterialUIPickers />
    </WithStyles(ForwardRef(Typography))>
  </WithStyles(ForwardRef(Container))>
</Fragment>
`;
